------------------------------------------------------------
Timing Analyzer Summary
------------------------------------------------------------

Type  : Slow 1100mV 85C Model Setup 'clk'
Slack : -14.391
TNS   : -993.499

Type  : Slow 1100mV 85C Model Setup 'reset'
Slack : -3.533
TNS   : -39.351

Type  : Slow 1100mV 85C Model Setup 'pll:vgapll|toggle'
Slack : -2.182
TNS   : -55.226

Type  : Slow 1100mV 85C Model Hold 'clk'
Slack : 0.316
TNS   : 0.000

Type  : Slow 1100mV 85C Model Hold 'pll:vgapll|toggle'
Slack : 0.726
TNS   : 0.000

Type  : Slow 1100mV 85C Model Hold 'reset'
Slack : 1.361
TNS   : 0.000

Type  : Slow 1100mV 85C Model Recovery 'clk'
Slack : -4.767
TNS   : -1141.640

Type  : Slow 1100mV 85C Model Removal 'clk'
Slack : 0.809
TNS   : 0.000

Type  : Slow 1100mV 85C Model Minimum Pulse Width 'clk'
Slack : -0.633
TNS   : -214.407

Type  : Slow 1100mV 85C Model Minimum Pulse Width 'pll:vgapll|toggle'
Slack : -0.394
TNS   : -13.827

Type  : Slow 1100mV 85C Model Minimum Pulse Width 'reset'
Slack : -0.201
TNS   : -0.738

Type  : Slow 1100mV 0C Model Setup 'clk'
Slack : -14.650
TNS   : -964.364

Type  : Slow 1100mV 0C Model Setup 'reset'
Slack : -3.567
TNS   : -39.554

Type  : Slow 1100mV 0C Model Setup 'pll:vgapll|toggle'
Slack : -2.186
TNS   : -53.613

Type  : Slow 1100mV 0C Model Hold 'clk'
Slack : 0.244
TNS   : 0.000

Type  : Slow 1100mV 0C Model Hold 'pll:vgapll|toggle'
Slack : 0.711
TNS   : 0.000

Type  : Slow 1100mV 0C Model Hold 'reset'
Slack : 1.393
TNS   : 0.000

Type  : Slow 1100mV 0C Model Recovery 'clk'
Slack : -4.618
TNS   : -1105.198

Type  : Slow 1100mV 0C Model Removal 'clk'
Slack : 0.761
TNS   : 0.000

Type  : Slow 1100mV 0C Model Minimum Pulse Width 'clk'
Slack : -0.681
TNS   : -195.285

Type  : Slow 1100mV 0C Model Minimum Pulse Width 'pll:vgapll|toggle'
Slack : -0.394
TNS   : -13.857

Type  : Slow 1100mV 0C Model Minimum Pulse Width 'reset'
Slack : -0.218
TNS   : -0.978

Type  : Fast 1100mV 85C Model Setup 'clk'
Slack : -7.952
TNS   : -522.890

Type  : Fast 1100mV 85C Model Setup 'reset'
Slack : -1.513
TNS   : -15.666

Type  : Fast 1100mV 85C Model Setup 'pll:vgapll|toggle'
Slack : -0.972
TNS   : -24.187

Type  : Fast 1100mV 85C Model Hold 'clk'
Slack : 0.177
TNS   : 0.000

Type  : Fast 1100mV 85C Model Hold 'reset'
Slack : 0.340
TNS   : 0.000

Type  : Fast 1100mV 85C Model Hold 'pll:vgapll|toggle'
Slack : 0.355
TNS   : 0.000

Type  : Fast 1100mV 85C Model Recovery 'clk'
Slack : -3.077
TNS   : -718.965

Type  : Fast 1100mV 85C Model Removal 'clk'
Slack : 0.432
TNS   : 0.000

Type  : Fast 1100mV 85C Model Minimum Pulse Width 'clk'
Slack : -0.768
TNS   : -142.097

Type  : Fast 1100mV 85C Model Minimum Pulse Width 'reset'
Slack : -0.472
TNS   : -6.700

Type  : Fast 1100mV 85C Model Minimum Pulse Width 'pll:vgapll|toggle'
Slack : 0.134
TNS   : 0.000

Type  : Fast 1100mV 0C Model Setup 'clk'
Slack : -7.563
TNS   : -451.612

Type  : Fast 1100mV 0C Model Setup 'reset'
Slack : -1.296
TNS   : -13.178

Type  : Fast 1100mV 0C Model Setup 'pll:vgapll|toggle'
Slack : -0.829
TNS   : -20.755

Type  : Fast 1100mV 0C Model Hold 'clk'
Slack : 0.163
TNS   : 0.000

Type  : Fast 1100mV 0C Model Hold 'reset'
Slack : 0.253
TNS   : 0.000

Type  : Fast 1100mV 0C Model Hold 'pll:vgapll|toggle'
Slack : 0.322
TNS   : 0.000

Type  : Fast 1100mV 0C Model Recovery 'clk'
Slack : -3.027
TNS   : -707.058

Type  : Fast 1100mV 0C Model Removal 'clk'
Slack : 0.394
TNS   : 0.000

Type  : Fast 1100mV 0C Model Minimum Pulse Width 'clk'
Slack : -0.805
TNS   : -170.113

Type  : Fast 1100mV 0C Model Minimum Pulse Width 'reset'
Slack : -0.483
TNS   : -7.802

Type  : Fast 1100mV 0C Model Minimum Pulse Width 'pll:vgapll|toggle'
Slack : 0.138
TNS   : 0.000

------------------------------------------------------------
