Flow report for Top
<<<<<<< Updated upstream
Fri Oct 03 02:52:12 2025
Quartus Prime Version 20.1.1 Build 720 11/11/2020 SJ Lite Edition
=======
Fri Oct 03 11:46:43 2025
Quartus Prime Version 20.1.0 Build 711 06/05/2020 SJ Lite Edition
>>>>>>> Stashed changes


---------------------
; Table of Contents ;
---------------------
  1. Legal Notice
  2. Flow Summary
  3. Flow Settings
  4. Flow Non-Default Global Settings
  5. Flow Elapsed Time
  6. Flow OS Summary
  7. Flow Log
  8. Flow Messages
  9. Flow Suppressed Messages



----------------
; Legal Notice ;
----------------
Copyright (C) 2020  Intel Corporation. All rights reserved.
Your use of Intel Corporation's design tools, logic functions 
and other software and tools, and any partner logic 
functions, and any output files from any of the foregoing 
(including device programming or simulation files), and any 
associated documentation or information are expressly subject 
to the terms and conditions of the Intel Program License 
Subscription Agreement, the Intel Quartus Prime License Agreement,
the Intel FPGA IP License Agreement, or other applicable license
agreement, including, without limitation, that your use is for
the sole purpose of programming logic devices manufactured by
Intel and sold by Intel or its authorized distributors.  Please
refer to the applicable agreement for further details, at
https://fpgasoftware.intel.com/eula.



<<<<<<< Updated upstream
+---------------------------------------------------------------------------+
; Flow Summary                                                              ;
+-----------------------------+---------------------------------------------+
; Flow Status                 ; Successful - Fri Oct 03 02:52:12 2025       ;
; Quartus Prime Version       ; 20.1.1 Build 720 11/11/2020 SJ Lite Edition ;
; Revision Name               ; Top                                         ;
; Top-level Entity Name       ; shuffle                                     ;
; Family                      ; Cyclone V                                   ;
; Device                      ; 5CSXFC6D6F31C6                              ;
; Timing Models               ; Final                                       ;
; Logic utilization (in ALMs) ; N/A until Partition Merge                   ;
; Total registers             ; N/A until Partition Merge                   ;
; Total pins                  ; N/A until Partition Merge                   ;
; Total virtual pins          ; N/A until Partition Merge                   ;
; Total block memory bits     ; N/A until Partition Merge                   ;
; Total PLLs                  ; N/A until Partition Merge                   ;
; Total DLLs                  ; N/A until Partition Merge                   ;
+-----------------------------+---------------------------------------------+
=======
+-------------------------------------------------------------------------------+
; Flow Summary                                                                  ;
+---------------------------------+---------------------------------------------+
; Flow Status                     ; Successful - Fri Oct 03 11:46:43 2025       ;
; Quartus Prime Version           ; 20.1.0 Build 711 06/05/2020 SJ Lite Edition ;
; Revision Name                   ; Top                                         ;
; Top-level Entity Name           ; vga                                         ;
; Family                          ; Cyclone V                                   ;
; Device                          ; 5CSXFC6D6F31C6                              ;
; Timing Models                   ; Final                                       ;
; Logic utilization (in ALMs)     ; 390 / 41,910 ( < 1 % )                      ;
; Total registers                 ; 71                                          ;
; Total pins                      ; 45 / 499 ( 9 % )                            ;
; Total virtual pins              ; 0                                           ;
; Total block memory bits         ; 0 / 5,662,720 ( 0 % )                       ;
; Total DSP Blocks                ; 4 / 112 ( 4 % )                             ;
; Total HSSI RX PCSs              ; 0 / 9 ( 0 % )                               ;
; Total HSSI PMA RX Deserializers ; 0 / 9 ( 0 % )                               ;
; Total HSSI TX PCSs              ; 0 / 9 ( 0 % )                               ;
; Total HSSI PMA TX Serializers   ; 0 / 9 ( 0 % )                               ;
; Total PLLs                      ; 0 / 15 ( 0 % )                              ;
; Total DLLs                      ; 0 / 4 ( 0 % )                               ;
+---------------------------------+---------------------------------------------+
>>>>>>> Stashed changes


+-----------------------------------------+
; Flow Settings                           ;
+-------------------+---------------------+
; Option            ; Setting             ;
+-------------------+---------------------+
<<<<<<< Updated upstream
; Start date & time ; 10/03/2025 02:52:07 ;
=======
; Start date & time ; 10/03/2025 11:45:34 ;
>>>>>>> Stashed changes
; Main task         ; Compilation         ;
; Revision Name     ; Top                 ;
+-------------------+---------------------+


+-------------------------------------------------------------------------------------------------------------------------------------------------+
; Flow Non-Default Global Settings                                                                                                                ;
+--------------------------------------+----------------------------------------+---------------+-------------+-----------------------------------+
; Assignment Name                      ; Value                                  ; Default Value ; Entity Name ; Section Id                        ;
+--------------------------------------+----------------------------------------+---------------+-------------+-----------------------------------+
<<<<<<< Updated upstream
; COMPILER_SIGNATURE_ID                ; 10995770589188.175948152606004         ; --            ; --          ; --                                ;
=======
; COMPILER_SIGNATURE_ID                ; 141208179566601.175951353311320        ; --            ; --          ; --                                ;
>>>>>>> Stashed changes
; EDA_DESIGN_INSTANCE_NAME             ; NA                                     ; --            ; --          ; tb                                ;
; EDA_GENERATE_FUNCTIONAL_NETLIST      ; Off                                    ; --            ; --          ; eda_board_design_timing           ;
; EDA_GENERATE_FUNCTIONAL_NETLIST      ; Off                                    ; --            ; --          ; eda_board_design_boundary_scan    ;
; EDA_GENERATE_FUNCTIONAL_NETLIST      ; Off                                    ; --            ; --          ; eda_board_design_signal_integrity ;
; EDA_GENERATE_FUNCTIONAL_NETLIST      ; Off                                    ; --            ; --          ; eda_board_design_symbol           ;
; EDA_NATIVELINK_SIMULATION_TEST_BENCH ; tb                                     ; --            ; --          ; eda_simulation                    ;
; EDA_OUTPUT_DATA_FORMAT               ; Systemverilog Hdl                      ; --            ; --          ; eda_simulation                    ;
; EDA_SIMULATION_TOOL                  ; ModelSim-Altera (SystemVerilog)        ; <None>        ; --          ; --                                ;
; EDA_TEST_BENCH_ENABLE_STATUS         ; TEST_BENCH_MODE                        ; --            ; --          ; eda_simulation                    ;
; EDA_TEST_BENCH_FILE                  ; tb.sv                                  ; --            ; --          ; tb                                ;
; EDA_TEST_BENCH_MODULE_NAME           ; tb                                     ; --            ; --          ; tb                                ;
; EDA_TEST_BENCH_NAME                  ; tb                                     ; --            ; --          ; eda_simulation                    ;
; EDA_TIME_SCALE                       ; 1 ps                                   ; --            ; --          ; eda_simulation                    ;
; MAX_CORE_JUNCTION_TEMP               ; 85                                     ; --            ; --          ; --                                ;
; MIN_CORE_JUNCTION_TEMP               ; 0                                      ; --            ; --          ; --                                ;
<<<<<<< Updated upstream
; PARTITION_COLOR                      ; -- (Not supported for targeted family) ; --            ; shuffle     ; --                                ;
; PARTITION_FITTER_PRESERVATION_LEVEL  ; -- (Not supported for targeted family) ; --            ; shuffle     ; --                                ;
; PARTITION_NETLIST_TYPE               ; -- (Not supported for targeted family) ; --            ; shuffle     ; --                                ;
; POWER_BOARD_THERMAL_MODEL            ; None (CONSERVATIVE)                    ; --            ; --          ; --                                ;
; POWER_PRESET_COOLING_SOLUTION        ; 23 MM HEAT SINK WITH 200 LFPM AIRFLOW  ; --            ; --          ; --                                ;
; PROJECT_OUTPUT_DIRECTORY             ; output_files                           ; --            ; --          ; --                                ;
; TOP_LEVEL_ENTITY                     ; shuffle                                ; Top           ; --          ; --                                ;
+--------------------------------------+----------------------------------------+---------------+-------------+-----------------------------------+


+----------------------------------------------------------------------------------------------------------------------------+
; Flow Elapsed Time                                                                                                          ;
+------------------------+--------------+-------------------------+---------------------+------------------------------------+
; Module Name            ; Elapsed Time ; Average Processors Used ; Peak Virtual Memory ; Total CPU Time (on all processors) ;
+------------------------+--------------+-------------------------+---------------------+------------------------------------+
; Analysis & Elaboration ; 00:00:06     ; 1.0                     ; 4767 MB             ; 00:00:14                           ;
; Total                  ; 00:00:06     ; --                      ; --                  ; 00:00:14                           ;
+------------------------+--------------+-------------------------+---------------------+------------------------------------+
=======
; PARTITION_COLOR                      ; -- (Not supported for targeted family) ; --            ; vga         ; --                                ;
; PARTITION_FITTER_PRESERVATION_LEVEL  ; -- (Not supported for targeted family) ; --            ; vga         ; --                                ;
; PARTITION_NETLIST_TYPE               ; -- (Not supported for targeted family) ; --            ; vga         ; --                                ;
; POWER_BOARD_THERMAL_MODEL            ; None (CONSERVATIVE)                    ; --            ; --          ; --                                ;
; POWER_PRESET_COOLING_SOLUTION        ; 23 MM HEAT SINK WITH 200 LFPM AIRFLOW  ; --            ; --          ; --                                ;
; PROJECT_OUTPUT_DIRECTORY             ; output_files                           ; --            ; --          ; --                                ;
; TOP_LEVEL_ENTITY                     ; vga                                    ; Top           ; --          ; --                                ;
+--------------------------------------+----------------------------------------+---------------+-------------+-----------------------------------+


+--------------------------------------------------------------------------------------------------------------------------+
; Flow Elapsed Time                                                                                                        ;
+----------------------+--------------+-------------------------+---------------------+------------------------------------+
; Module Name          ; Elapsed Time ; Average Processors Used ; Peak Virtual Memory ; Total CPU Time (on all processors) ;
+----------------------+--------------+-------------------------+---------------------+------------------------------------+
; Analysis & Synthesis ; 00:00:07     ; 1.0                     ; 4883 MB             ; 00:00:11                           ;
; Fitter               ; 00:00:52     ; 1.0                     ; 6993 MB             ; 00:03:05                           ;
; Assembler            ; 00:00:04     ; 1.0                     ; 4851 MB             ; 00:00:04                           ;
; Timing Analyzer      ; 00:00:03     ; 1.4                     ; 5205 MB             ; 00:00:04                           ;
; EDA Netlist Writer   ; 00:00:01     ; 1.0                     ; 4736 MB             ; 00:00:01                           ;
; Total                ; 00:01:07     ; --                      ; --                  ; 00:03:25                           ;
+----------------------+--------------+-------------------------+---------------------+------------------------------------+
>>>>>>> Stashed changes


+------------------------------------------------------------------------------------+
; Flow OS Summary                                                                    ;
+----------------------+------------------+------------+------------+----------------+
; Module Name          ; Machine Hostname ; OS Name    ; OS Version ; Processor type ;
+----------------------+------------------+------------+------------+----------------+
; Analysis & Synthesis ; melivr           ; Windows 10 ; 10.0       ; x86_64         ;
; Fitter               ; melivr           ; Windows 10 ; 10.0       ; x86_64         ;
; Assembler            ; melivr           ; Windows 10 ; 10.0       ; x86_64         ;
; Timing Analyzer      ; melivr           ; Windows 10 ; 10.0       ; x86_64         ;
; EDA Netlist Writer   ; melivr           ; Windows 10 ; 10.0       ; x86_64         ;
+----------------------+------------------+------------+------------+----------------+


------------
; Flow Log ;
------------
quartus_map --read_settings_files=on --write_settings_files=off Top -c Top
quartus_fit --read_settings_files=off --write_settings_files=off Top -c Top
quartus_asm --read_settings_files=off --write_settings_files=off Top -c Top
quartus_sta Top -c Top
quartus_eda --read_settings_files=off --write_settings_files=off Top -c Top



