------------------------------------------------------------
Timing Analyzer Summary
------------------------------------------------------------

Type  : Slow 1100mV 85C Model Setup 'clk'
Slack : -3.532
TNS   : -98.769

Type  : Slow 1100mV 85C Model Setup 'pll:vgapll|toggle'
Slack : -2.195
TNS   : -51.872

Type  : Slow 1100mV 85C Model Hold 'clk'
Slack : 0.311
TNS   : 0.000

Type  : Slow 1100mV 85C Model Hold 'pll:vgapll|toggle'
Slack : 0.728
TNS   : 0.000

Type  : Slow 1100mV 85C Model Minimum Pulse Width 'clk'
Slack : -0.654
TNS   : -30.001

Type  : Slow 1100mV 85C Model Minimum Pulse Width 'pll:vgapll|toggle'
Slack : -0.394
TNS   : -13.455

Type  : Slow 1100mV 0C Model Setup 'clk'
Slack : -3.307
TNS   : -94.535

Type  : Slow 1100mV 0C Model Setup 'pll:vgapll|toggle'
Slack : -2.167
TNS   : -50.229

Type  : Slow 1100mV 0C Model Hold 'clk'
Slack : 0.297
TNS   : 0.000

Type  : Slow 1100mV 0C Model Hold 'pll:vgapll|toggle'
Slack : 0.720
TNS   : 0.000

Type  : Slow 1100mV 0C Model Minimum Pulse Width 'clk'
Slack : -0.688
TNS   : -27.694

Type  : Slow 1100mV 0C Model Minimum Pulse Width 'pll:vgapll|toggle'
Slack : -0.394
TNS   : -13.408

Type  : Fast 1100mV 85C Model Setup 'clk'
Slack : -2.728
TNS   : -44.633

Type  : Fast 1100mV 85C Model Setup 'pll:vgapll|toggle'
Slack : -1.084
TNS   : -24.211

Type  : Fast 1100mV 85C Model Hold 'clk'
Slack : 0.178
TNS   : 0.000

Type  : Fast 1100mV 85C Model Hold 'pll:vgapll|toggle'
Slack : 0.376
TNS   : 0.000

Type  : Fast 1100mV 85C Model Minimum Pulse Width 'clk'
Slack : -0.757
TNS   : -20.893

Type  : Fast 1100mV 85C Model Minimum Pulse Width 'pll:vgapll|toggle'
Slack : 0.054
TNS   : 0.000

Type  : Fast 1100mV 0C Model Setup 'clk'
Slack : -2.297
TNS   : -36.840

Type  : Fast 1100mV 0C Model Setup 'pll:vgapll|toggle'
Slack : -0.898
TNS   : -20.482

Type  : Fast 1100mV 0C Model Hold 'clk'
Slack : 0.165
TNS   : 0.000

Type  : Fast 1100mV 0C Model Hold 'pll:vgapll|toggle'
Slack : 0.341
TNS   : 0.000

Type  : Fast 1100mV 0C Model Minimum Pulse Width 'clk'
Slack : -0.793
TNS   : -24.794

Type  : Fast 1100mV 0C Model Minimum Pulse Width 'pll:vgapll|toggle'
Slack : 0.078
TNS   : 0.000

------------------------------------------------------------
