Analysis & Elaboration report for ProyectoFinal
Thu Nov 27 15:11:39 2025
Quartus Prime Version 20.1.0 Build 711 06/05/2020 SJ Lite Edition


---------------------
; Table of Contents ;
---------------------
  1. Legal Notice
  2. Analysis & Elaboration Summary
  3. Parallel Compilation
  4. Parameter Settings for User Entity Instance: arm:arm_inst|controller:c|condlogic:cl|flopenr:flagreg1
  5. Parameter Settings for User Entity Instance: arm:arm_inst|controller:c|condlogic:cl|flopenr:flagreg0
  6. Parameter Settings for User Entity Instance: arm:arm_inst|datapath:dp|mux2:pcmux
  7. Parameter Settings for User Entity Instance: arm:arm_inst|datapath:dp|flopr:pcreg
  8. Parameter Settings for User Entity Instance: arm:arm_inst|datapath:dp|adder:pcadd1
  9. Parameter Settings for User Entity Instance: arm:arm_inst|datapath:dp|adder:pcadd2
 10. Parameter Settings for User Entity Instance: arm:arm_inst|datapath:dp|mux2:ra1mux
 11. Parameter Settings for User Entity Instance: arm:arm_inst|datapath:dp|mux2:ra2mux
 12. Parameter Settings for User Entity Instance: arm:arm_inst|datapath:dp|mux2:resmux
 13. Parameter Settings for User Entity Instance: arm:arm_inst|datapath:dp|mux2:srcbmux
 14. Analysis & Elaboration Settings
 15. Port Connectivity Checks: "videoGen_pong:u_video"
 16. Port Connectivity Checks: "ram2vga_bridge:u_bridge"
 17. Port Connectivity Checks: "ram:dmem"
 18. Port Connectivity Checks: "arm:arm_inst|datapath:dp|mux2:ra1mux"
 19. Port Connectivity Checks: "arm:arm_inst|datapath:dp|adder:pcadd2"
 20. Port Connectivity Checks: "arm:arm_inst|datapath:dp|adder:pcadd1"
 21. Port Connectivity Checks: "arm:arm_inst"
 22. Analysis & Elaboration Messages
 23. Analysis & Elaboration Suppressed Messages



----------------
; Legal Notice ;
----------------
Copyright (C) 2020  Intel Corporation. All rights reserved.
Your use of Intel Corporation's design tools, logic functions 
and other software and tools, and any partner logic 
functions, and any output files from any of the foregoing 
(including device programming or simulation files), and any 
associated documentation or information are expressly subject 
to the terms and conditions of the Intel Program License 
Subscription Agreement, the Intel Quartus Prime License Agreement,
the Intel FPGA IP License Agreement, or other applicable license
agreement, including, without limitation, that your use is for
the sole purpose of programming logic devices manufactured by
Intel and sold by Intel or its authorized distributors.  Please
refer to the applicable agreement for further details, at
https://fpgasoftware.intel.com/eula.



+-----------------------------------------------------------------------------+
; Analysis & Elaboration Summary                                              ;
+-------------------------------+---------------------------------------------+
; Analysis & Elaboration Status ; Successful - Thu Nov 27 15:11:39 2025       ;
; Quartus Prime Version         ; 20.1.0 Build 711 06/05/2020 SJ Lite Edition ;
; Revision Name                 ; ProyectoFinal                               ;
; Top-level Entity Name         ; top                                         ;
; Family                        ; Cyclone V                                   ;
; Logic utilization (in ALMs)   ; N/A until Partition Merge                   ;
; Total registers               ; N/A until Partition Merge                   ;
; Total pins                    ; N/A until Partition Merge                   ;
; Total virtual pins            ; N/A until Partition Merge                   ;
; Total block memory bits       ; N/A until Partition Merge                   ;
; Total PLLs                    ; N/A until Partition Merge                   ;
; Total DLLs                    ; N/A until Partition Merge                   ;
+-------------------------------+---------------------------------------------+


+------------------------------------------+
; Parallel Compilation                     ;
+----------------------------+-------------+
; Processors                 ; Number      ;
+----------------------------+-------------+
; Number detected on machine ; 8           ;
; Maximum allowed            ; 8           ;
;                            ;             ;
; Average used               ; 1.00        ;
; Maximum used               ; 1           ;
;                            ;             ;
; Usage by Processor         ; % Time Used ;
;     Processor 1            ; 100.0%      ;
+----------------------------+-------------+


+------------------------------------------------------------------------------------------------------+
; Parameter Settings for User Entity Instance: arm:arm_inst|controller:c|condlogic:cl|flopenr:flagreg1 ;
+----------------+-------+-----------------------------------------------------------------------------+
; Parameter Name ; Value ; Type                                                                        ;
+----------------+-------+-----------------------------------------------------------------------------+
; WIDTH          ; 2     ; Signed Integer                                                              ;
+----------------+-------+-----------------------------------------------------------------------------+
Note: In order to hide this table in the UI and the text report file, please set the "Show Parameter Settings in Synthesis Report" option in "Analysis and Synthesis Settings -> More Settings" to "Off".


+------------------------------------------------------------------------------------------------------+
; Parameter Settings for User Entity Instance: arm:arm_inst|controller:c|condlogic:cl|flopenr:flagreg0 ;
+----------------+-------+-----------------------------------------------------------------------------+
; Parameter Name ; Value ; Type                                                                        ;
+----------------+-------+-----------------------------------------------------------------------------+
; WIDTH          ; 2     ; Signed Integer                                                              ;
+----------------+-------+-----------------------------------------------------------------------------+
Note: In order to hide this table in the UI and the text report file, please set the "Show Parameter Settings in Synthesis Report" option in "Analysis and Synthesis Settings -> More Settings" to "Off".


+----------------------------------------------------------------------------------+
; Parameter Settings for User Entity Instance: arm:arm_inst|datapath:dp|mux2:pcmux ;
+----------------+-------+---------------------------------------------------------+
; Parameter Name ; Value ; Type                                                    ;
+----------------+-------+---------------------------------------------------------+
; WIDTH          ; 32    ; Signed Integer                                          ;
+----------------+-------+---------------------------------------------------------+
Note: In order to hide this table in the UI and the text report file, please set the "Show Parameter Settings in Synthesis Report" option in "Analysis and Synthesis Settings -> More Settings" to "Off".


+-----------------------------------------------------------------------------------+
; Parameter Settings for User Entity Instance: arm:arm_inst|datapath:dp|flopr:pcreg ;
+----------------+-------+----------------------------------------------------------+
; Parameter Name ; Value ; Type                                                     ;
+----------------+-------+----------------------------------------------------------+
; WIDTH          ; 32    ; Signed Integer                                           ;
+----------------+-------+----------------------------------------------------------+
Note: In order to hide this table in the UI and the text report file, please set the "Show Parameter Settings in Synthesis Report" option in "Analysis and Synthesis Settings -> More Settings" to "Off".


+------------------------------------------------------------------------------------+
; Parameter Settings for User Entity Instance: arm:arm_inst|datapath:dp|adder:pcadd1 ;
+----------------+-------+-----------------------------------------------------------+
; Parameter Name ; Value ; Type                                                      ;
+----------------+-------+-----------------------------------------------------------+
; WIDTH          ; 32    ; Signed Integer                                            ;
+----------------+-------+-----------------------------------------------------------+
Note: In order to hide this table in the UI and the text report file, please set the "Show Parameter Settings in Synthesis Report" option in "Analysis and Synthesis Settings -> More Settings" to "Off".


+------------------------------------------------------------------------------------+
; Parameter Settings for User Entity Instance: arm:arm_inst|datapath:dp|adder:pcadd2 ;
+----------------+-------+-----------------------------------------------------------+
; Parameter Name ; Value ; Type                                                      ;
+----------------+-------+-----------------------------------------------------------+
; WIDTH          ; 32    ; Signed Integer                                            ;
+----------------+-------+-----------------------------------------------------------+
Note: In order to hide this table in the UI and the text report file, please set the "Show Parameter Settings in Synthesis Report" option in "Analysis and Synthesis Settings -> More Settings" to "Off".


+-----------------------------------------------------------------------------------+
; Parameter Settings for User Entity Instance: arm:arm_inst|datapath:dp|mux2:ra1mux ;
+----------------+-------+----------------------------------------------------------+
; Parameter Name ; Value ; Type                                                     ;
+----------------+-------+----------------------------------------------------------+
; WIDTH          ; 4     ; Signed Integer                                           ;
+----------------+-------+----------------------------------------------------------+
Note: In order to hide this table in the UI and the text report file, please set the "Show Parameter Settings in Synthesis Report" option in "Analysis and Synthesis Settings -> More Settings" to "Off".


+-----------------------------------------------------------------------------------+
; Parameter Settings for User Entity Instance: arm:arm_inst|datapath:dp|mux2:ra2mux ;
+----------------+-------+----------------------------------------------------------+
; Parameter Name ; Value ; Type                                                     ;
+----------------+-------+----------------------------------------------------------+
; WIDTH          ; 4     ; Signed Integer                                           ;
+----------------+-------+----------------------------------------------------------+
Note: In order to hide this table in the UI and the text report file, please set the "Show Parameter Settings in Synthesis Report" option in "Analysis and Synthesis Settings -> More Settings" to "Off".


+-----------------------------------------------------------------------------------+
; Parameter Settings for User Entity Instance: arm:arm_inst|datapath:dp|mux2:resmux ;
+----------------+-------+----------------------------------------------------------+
; Parameter Name ; Value ; Type                                                     ;
+----------------+-------+----------------------------------------------------------+
; WIDTH          ; 32    ; Signed Integer                                           ;
+----------------+-------+----------------------------------------------------------+
Note: In order to hide this table in the UI and the text report file, please set the "Show Parameter Settings in Synthesis Report" option in "Analysis and Synthesis Settings -> More Settings" to "Off".


+------------------------------------------------------------------------------------+
; Parameter Settings for User Entity Instance: arm:arm_inst|datapath:dp|mux2:srcbmux ;
+----------------+-------+-----------------------------------------------------------+
; Parameter Name ; Value ; Type                                                      ;
+----------------+-------+-----------------------------------------------------------+
; WIDTH          ; 32    ; Signed Integer                                            ;
+----------------+-------+-----------------------------------------------------------+
Note: In order to hide this table in the UI and the text report file, please set the "Show Parameter Settings in Synthesis Report" option in "Analysis and Synthesis Settings -> More Settings" to "Off".


+---------------------------------------------------------------------------------------------------------------------------+
; Analysis & Elaboration Settings                                                                                           ;
+---------------------------------------------------------------------------------+--------------------+--------------------+
; Option                                                                          ; Setting            ; Default Value      ;
+---------------------------------------------------------------------------------+--------------------+--------------------+
; Device                                                                          ; 5CSXFC6D6F31C6     ;                    ;
; Top-level entity name                                                           ; top                ; ProyectoFinal      ;
; Family name                                                                     ; Cyclone V          ; Cyclone V          ;
; Use smart compilation                                                           ; Off                ; Off                ;
; Enable parallel Assembler and Timing Analyzer during compilation                ; On                 ; On                 ;
; Enable compact report table                                                     ; Off                ; Off                ;
; Restructure Multiplexers                                                        ; Auto               ; Auto               ;
; MLAB Add Timing Constraints For Mixed-Port Feed-Through Mode Setting Don't Care ; Off                ; Off                ;
; Create Debugging Nodes for IP Cores                                             ; Off                ; Off                ;
; Preserve fewer node names                                                       ; On                 ; On                 ;
; Intel FPGA IP Evaluation Mode                                                   ; Enable             ; Enable             ;
; Verilog Version                                                                 ; Verilog_2001       ; Verilog_2001       ;
; VHDL Version                                                                    ; VHDL_1993          ; VHDL_1993          ;
; State Machine Processing                                                        ; Auto               ; Auto               ;
; Safe State Machine                                                              ; Off                ; Off                ;
; Extract Verilog State Machines                                                  ; On                 ; On                 ;
; Extract VHDL State Machines                                                     ; On                 ; On                 ;
; Ignore Verilog initial constructs                                               ; Off                ; Off                ;
; Iteration limit for constant Verilog loops                                      ; 5000               ; 5000               ;
; Iteration limit for non-constant Verilog loops                                  ; 250                ; 250                ;
; Add Pass-Through Logic to Inferred RAMs                                         ; On                 ; On                 ;
; Infer RAMs from Raw Logic                                                       ; On                 ; On                 ;
; Parallel Synthesis                                                              ; On                 ; On                 ;
; DSP Block Balancing                                                             ; Auto               ; Auto               ;
; NOT Gate Push-Back                                                              ; On                 ; On                 ;
; Power-Up Don't Care                                                             ; On                 ; On                 ;
; Remove Redundant Logic Cells                                                    ; Off                ; Off                ;
; Remove Duplicate Registers                                                      ; On                 ; On                 ;
; Ignore CARRY Buffers                                                            ; Off                ; Off                ;
; Ignore CASCADE Buffers                                                          ; Off                ; Off                ;
; Ignore GLOBAL Buffers                                                           ; Off                ; Off                ;
; Ignore ROW GLOBAL Buffers                                                       ; Off                ; Off                ;
; Ignore LCELL Buffers                                                            ; Off                ; Off                ;
; Ignore SOFT Buffers                                                             ; On                 ; On                 ;
; Limit AHDL Integers to 32 Bits                                                  ; Off                ; Off                ;
; Optimization Technique                                                          ; Balanced           ; Balanced           ;
; Carry Chain Length                                                              ; 70                 ; 70                 ;
; Auto Carry Chains                                                               ; On                 ; On                 ;
; Auto Open-Drain Pins                                                            ; On                 ; On                 ;
; Perform WYSIWYG Primitive Resynthesis                                           ; Off                ; Off                ;
; Auto ROM Replacement                                                            ; On                 ; On                 ;
; Auto RAM Replacement                                                            ; On                 ; On                 ;
; Auto DSP Block Replacement                                                      ; On                 ; On                 ;
; Auto Shift Register Replacement                                                 ; Auto               ; Auto               ;
; Allow Shift Register Merging across Hierarchies                                 ; Auto               ; Auto               ;
; Auto Clock Enable Replacement                                                   ; On                 ; On                 ;
; Strict RAM Replacement                                                          ; Off                ; Off                ;
; Allow Synchronous Control Signals                                               ; On                 ; On                 ;
; Force Use of Synchronous Clear Signals                                          ; Off                ; Off                ;
; Auto Resource Sharing                                                           ; Off                ; Off                ;
; Allow Any RAM Size For Recognition                                              ; Off                ; Off                ;
; Allow Any ROM Size For Recognition                                              ; Off                ; Off                ;
; Allow Any Shift Register Size For Recognition                                   ; Off                ; Off                ;
; Use LogicLock Constraints during Resource Balancing                             ; On                 ; On                 ;
; Ignore translate_off and synthesis_off directives                               ; Off                ; Off                ;
; Timing-Driven Synthesis                                                         ; On                 ; On                 ;
; Report Parameter Settings                                                       ; On                 ; On                 ;
; Report Source Assignments                                                       ; On                 ; On                 ;
; Report Connectivity Checks                                                      ; On                 ; On                 ;
; Ignore Maximum Fan-Out Assignments                                              ; Off                ; Off                ;
; Synchronization Register Chain Length                                           ; 3                  ; 3                  ;
; Power Optimization During Synthesis                                             ; Normal compilation ; Normal compilation ;
; HDL message level                                                               ; Level2             ; Level2             ;
; Suppress Register Optimization Related Messages                                 ; Off                ; Off                ;
; Number of Removed Registers Reported in Synthesis Report                        ; 5000               ; 5000               ;
; Number of Swept Nodes Reported in Synthesis Report                              ; 5000               ; 5000               ;
; Number of Inverted Registers Reported in Synthesis Report                       ; 100                ; 100                ;
; Clock MUX Protection                                                            ; On                 ; On                 ;
; Auto Gated Clock Conversion                                                     ; Off                ; Off                ;
; Block Design Naming                                                             ; Auto               ; Auto               ;
; SDC constraint protection                                                       ; Off                ; Off                ;
; Synthesis Effort                                                                ; Auto               ; Auto               ;
; Shift Register Replacement - Allow Asynchronous Clear Signal                    ; On                 ; On                 ;
; Pre-Mapping Resynthesis Optimization                                            ; Off                ; Off                ;
; Analysis & Synthesis Message Level                                              ; Medium             ; Medium             ;
; Disable Register Merging Across Hierarchies                                     ; Auto               ; Auto               ;
; Resource Aware Inference For Block RAM                                          ; On                 ; On                 ;
; Automatic Parallel Synthesis                                                    ; On                 ; On                 ;
; Partial Reconfiguration Bitstream ID                                            ; Off                ; Off                ;
+---------------------------------------------------------------------------------+--------------------+--------------------+


+----------------------------------------------------------------------------------------------------------------------------------------------------------------------------+
; Port Connectivity Checks: "videoGen_pong:u_video"                                                                                                                          ;
+--------+-------+----------+------------------------------------------------------------------------------------------------------------------------------------------------+
; Port   ; Type  ; Severity ; Details                                                                                                                                        ;
+--------+-------+----------+------------------------------------------------------------------------------------------------------------------------------------------------+
; winner ; Input ; Warning  ; Input port expression (1 bits) is smaller than the input port (2 bits) it drives.  Extra input bit(s) "winner[1..1]" will be connected to GND. ;
+--------+-------+----------+------------------------------------------------------------------------------------------------------------------------------------------------+


+--------------------------------------------------------------------------------------------------------------------------------------------------------+
; Port Connectivity Checks: "ram2vga_bridge:u_bridge"                                                                                                    ;
+--------+--------+----------+---------------------------------------------------------------------------------------------------------------------------+
; Port   ; Type   ; Severity ; Details                                                                                                                   ;
+--------+--------+----------+---------------------------------------------------------------------------------------------------------------------------+
; winner ; Output ; Warning  ; Output or bidir port (2 bits) is wider than the port expression (1 bits) it drives; bit(s) "winner[1..1]" have no fanouts ;
+--------+--------+----------+---------------------------------------------------------------------------------------------------------------------------+


+------------------------------------------+
; Port Connectivity Checks: "ram:dmem"     ;
+--------+-------+----------+--------------+
; Port   ; Type  ; Severity ; Details      ;
+--------+-------+----------+--------------+
; data_b ; Input ; Info     ; Stuck at GND ;
; wren_b ; Input ; Info     ; Stuck at GND ;
+--------+-------+----------+--------------+


+------------------------------------------------------------------+
; Port Connectivity Checks: "arm:arm_inst|datapath:dp|mux2:ra1mux" ;
+------+-------+----------+----------------------------------------+
; Port ; Type  ; Severity ; Details                                ;
+------+-------+----------+----------------------------------------+
; d1   ; Input ; Info     ; Stuck at VCC                           ;
+------+-------+----------+----------------------------------------+


+-------------------------------------------------------------------+
; Port Connectivity Checks: "arm:arm_inst|datapath:dp|adder:pcadd2" ;
+----------+-------+----------+-------------------------------------+
; Port     ; Type  ; Severity ; Details                             ;
+----------+-------+----------+-------------------------------------+
; b[31..3] ; Input ; Info     ; Stuck at GND                        ;
; b[1..0]  ; Input ; Info     ; Stuck at GND                        ;
; b[2]     ; Input ; Info     ; Stuck at VCC                        ;
+----------+-------+----------+-------------------------------------+


+-------------------------------------------------------------------+
; Port Connectivity Checks: "arm:arm_inst|datapath:dp|adder:pcadd1" ;
+----------+-------+----------+-------------------------------------+
; Port     ; Type  ; Severity ; Details                             ;
+----------+-------+----------+-------------------------------------+
; b[31..3] ; Input ; Info     ; Stuck at GND                        ;
; b[1..0]  ; Input ; Info     ; Stuck at GND                        ;
; b[2]     ; Input ; Info     ; Stuck at VCC                        ;
+----------+-------+----------+-------------------------------------+


+----------------------------------------------------------------------------------------------------------------------------+
; Port Connectivity Checks: "arm:arm_inst"                                                                                   ;
+------------------+--------+----------+-------------------------------------------------------------------------------------+
; Port             ; Type   ; Severity ; Details                                                                             ;
+------------------+--------+----------+-------------------------------------------------------------------------------------+
; PC[31..8]        ; Output ; Info     ; Connected to dangling logic. Logic that only feeds a dangling port will be removed. ;
; PC[1..0]         ; Output ; Info     ; Connected to dangling logic. Logic that only feeds a dangling port will be removed. ;
; ALUResult[31..5] ; Output ; Info     ; Connected to dangling logic. Logic that only feeds a dangling port will be removed. ;
; ALUResult[1..0]  ; Output ; Info     ; Connected to dangling logic. Logic that only feeds a dangling port will be removed. ;
; ALUFlags         ; Output ; Info     ; Connected to dangling logic. Logic that only feeds a dangling port will be removed. ;
; RegWrite         ; Output ; Info     ; Connected to dangling logic. Logic that only feeds a dangling port will be removed. ;
; ALUSrc           ; Output ; Info     ; Connected to dangling logic. Logic that only feeds a dangling port will be removed. ;
; MemtoReg         ; Output ; Info     ; Connected to dangling logic. Logic that only feeds a dangling port will be removed. ;
; PCSrc            ; Output ; Info     ; Connected to dangling logic. Logic that only feeds a dangling port will be removed. ;
; ALUControl       ; Output ; Info     ; Connected to dangling logic. Logic that only feeds a dangling port will be removed. ;
; RegSrc           ; Output ; Info     ; Connected to dangling logic. Logic that only feeds a dangling port will be removed. ;
; ImmSrc           ; Output ; Info     ; Connected to dangling logic. Logic that only feeds a dangling port will be removed. ;
+------------------+--------+----------+-------------------------------------------------------------------------------------+


+---------------------------------+
; Analysis & Elaboration Messages ;
+---------------------------------+
Info: *******************************************************************
Info: Running Quartus Prime Analysis & Elaboration
    Info: Version 20.1.0 Build 711 06/05/2020 SJ Lite Edition
    Info: Processing started: Thu Nov 27 15:11:34 2025
Info: Command: quartus_map --read_settings_files=on --write_settings_files=off ProyectoFinal -c ProyectoFinal --analysis_and_elaboration
Warning (18236): Number of processors has not been specified which may cause overloading on shared machines.  Set the global assignment NUM_PARALLEL_PROCESSORS in your QSF to an appropriate value for best performance.
Info (20030): Parallel compilation is enabled and will use 8 of the 8 processors detected
Info (12021): Found 1 design units, including 1 entities, in source file alu.sv
    Info (12023): Found entity 1: alu File: C:/Users/melis/Documents/github/avasquez_dgarro_digital_design_lab_2025/ProyectoFinal/alu.sv Line: 1
Info (12021): Found 1 design units, including 1 entities, in source file arm.sv
    Info (12023): Found entity 1: arm File: C:/Users/melis/Documents/github/avasquez_dgarro_digital_design_lab_2025/ProyectoFinal/arm.sv Line: 1
Info (12021): Found 1 design units, including 1 entities, in source file condcheck.sv
    Info (12023): Found entity 1: condcheck File: C:/Users/melis/Documents/github/avasquez_dgarro_digital_design_lab_2025/ProyectoFinal/condcheck.sv Line: 1
Info (12021): Found 1 design units, including 1 entities, in source file condlogic.sv
    Info (12023): Found entity 1: condlogic File: C:/Users/melis/Documents/github/avasquez_dgarro_digital_design_lab_2025/ProyectoFinal/condlogic.sv Line: 1
Info (12021): Found 1 design units, including 1 entities, in source file controller.sv
    Info (12023): Found entity 1: controller File: C:/Users/melis/Documents/github/avasquez_dgarro_digital_design_lab_2025/ProyectoFinal/controller.sv Line: 1
Info (12021): Found 1 design units, including 1 entities, in source file datapath.sv
    Info (12023): Found entity 1: datapath File: C:/Users/melis/Documents/github/avasquez_dgarro_digital_design_lab_2025/ProyectoFinal/datapath.sv Line: 1
Info (12021): Found 1 design units, including 1 entities, in source file decoder.sv
    Info (12023): Found entity 1: decoder File: C:/Users/melis/Documents/github/avasquez_dgarro_digital_design_lab_2025/ProyectoFinal/decoder.sv Line: 1
Info (12021): Found 1 design units, including 1 entities, in source file extend.sv
    Info (12023): Found entity 1: extend File: C:/Users/melis/Documents/github/avasquez_dgarro_digital_design_lab_2025/ProyectoFinal/extend.sv Line: 1
Info (12021): Found 1 design units, including 1 entities, in source file flopenr.sv
    Info (12023): Found entity 1: flopenr File: C:/Users/melis/Documents/github/avasquez_dgarro_digital_design_lab_2025/ProyectoFinal/flopenr.sv Line: 1
Info (12021): Found 1 design units, including 1 entities, in source file flopr.sv
    Info (12023): Found entity 1: flopr File: C:/Users/melis/Documents/github/avasquez_dgarro_digital_design_lab_2025/ProyectoFinal/flopr.sv Line: 1
Info (12021): Found 1 design units, including 1 entities, in source file mux2.sv
    Info (12023): Found entity 1: mux2 File: C:/Users/melis/Documents/github/avasquez_dgarro_digital_design_lab_2025/ProyectoFinal/mux2.sv Line: 1
Info (12021): Found 1 design units, including 1 entities, in source file regfile.sv
    Info (12023): Found entity 1: regfile File: C:/Users/melis/Documents/github/avasquez_dgarro_digital_design_lab_2025/ProyectoFinal/regfile.sv Line: 1
Info (12021): Found 1 design units, including 1 entities, in source file top.sv
    Info (12023): Found entity 1: top File: C:/Users/melis/Documents/github/avasquez_dgarro_digital_design_lab_2025/ProyectoFinal/top.sv Line: 1
Info (12021): Found 1 design units, including 1 entities, in source file top_tb.sv
    Info (12023): Found entity 1: top_tb File: C:/Users/melis/Documents/github/avasquez_dgarro_digital_design_lab_2025/ProyectoFinal/top_tb.sv Line: 2
Info (12021): Found 1 design units, including 1 entities, in source file adder.sv
    Info (12023): Found entity 1: adder File: C:/Users/melis/Documents/github/avasquez_dgarro_digital_design_lab_2025/ProyectoFinal/adder.sv Line: 1
Info (12021): Found 1 design units, including 1 entities, in source file rom.v
    Info (12023): Found entity 1: rom File: C:/Users/melis/Documents/github/avasquez_dgarro_digital_design_lab_2025/ProyectoFinal/rom.v Line: 40
Info (12021): Found 1 design units, including 1 entities, in source file rom_i.sv
    Info (12023): Found entity 1: rom_i File: C:/Users/melis/Documents/github/avasquez_dgarro_digital_design_lab_2025/ProyectoFinal/rom_i.sv Line: 1
Info (12021): Found 1 design units, including 1 entities, in source file ps2_test_top.sv
    Info (12023): Found entity 1: ps2_test_top File: C:/Users/melis/Documents/github/avasquez_dgarro_digital_design_lab_2025/ProyectoFinal/ps2_test_top.sv Line: 1
Info (12021): Found 1 design units, including 1 entities, in source file ps2.sv
    Info (12023): Found entity 1: ps2 File: C:/Users/melis/Documents/github/avasquez_dgarro_digital_design_lab_2025/ProyectoFinal/ps2.sv Line: 1
Info (12021): Found 1 design units, including 1 entities, in source file deb.sv
    Info (12023): Found entity 1: deb File: C:/Users/melis/Documents/github/avasquez_dgarro_digital_design_lab_2025/ProyectoFinal/deb.sv Line: 1
Info (12021): Found 1 design units, including 1 entities, in source file hex.sv
    Info (12023): Found entity 1: hex File: C:/Users/melis/Documents/github/avasquez_dgarro_digital_design_lab_2025/ProyectoFinal/hex.sv Line: 1
Info (12021): Found 1 design units, including 1 entities, in source file pll.sv
    Info (12023): Found entity 1: pll File: C:/Users/melis/Documents/github/avasquez_dgarro_digital_design_lab_2025/ProyectoFinal/pll.sv Line: 1
Info (12021): Found 1 design units, including 1 entities, in source file switch_debounced.sv
    Info (12023): Found entity 1: switch_debounced File: C:/Users/melis/Documents/github/avasquez_dgarro_digital_design_lab_2025/ProyectoFinal/switch_debounced.sv Line: 1
Info (12021): Found 1 design units, including 1 entities, in source file btn_debounced_pulse.sv
    Info (12023): Found entity 1: btn_debounced_pulse File: C:/Users/melis/Documents/github/avasquez_dgarro_digital_design_lab_2025/ProyectoFinal/btn_debounced_pulse.sv Line: 1
Info (12021): Found 1 design units, including 1 entities, in source file cursor_4x4.sv
    Info (12023): Found entity 1: cursor_4x4 File: C:/Users/melis/Documents/github/avasquez_dgarro_digital_design_lab_2025/ProyectoFinal/cursor_4x4.sv Line: 1
Info (12021): Found 1 design units, including 1 entities, in source file vgacontroller.sv
    Info (12023): Found entity 1: vgaController File: C:/Users/melis/Documents/github/avasquez_dgarro_digital_design_lab_2025/ProyectoFinal/vgaController.sv Line: 1
Info (12021): Found 1 design units, including 1 entities, in source file seven_segment_display.sv
    Info (12023): Found entity 1: seven_segment_display File: C:/Users/melis/Documents/github/avasquez_dgarro_digital_design_lab_2025/ProyectoFinal/seven_segment_display.sv Line: 1
Info (12021): Found 1 design units, including 1 entities, in source file score_manager_two.sv
    Info (12023): Found entity 1: score_manager_two File: C:/Users/melis/Documents/github/avasquez_dgarro_digital_design_lab_2025/ProyectoFinal/score_manager_two.sv Line: 1
Info (12021): Found 1 design units, including 1 entities, in source file videogen_pong.sv
    Info (12023): Found entity 1: videoGen_pong File: C:/Users/melis/Documents/github/avasquez_dgarro_digital_design_lab_2025/ProyectoFinal/videoGen_pong.sv Line: 1
Info (12021): Found 1 design units, including 1 entities, in source file ram2vga_bridge.sv
    Info (12023): Found entity 1: ram2vga_bridge File: C:/Users/melis/Documents/github/avasquez_dgarro_digital_design_lab_2025/ProyectoFinal/ram2vga_bridge.sv Line: 1
Info (12021): Found 1 design units, including 1 entities, in source file ram.sv
    Info (12023): Found entity 1: ram File: C:/Users/melis/Documents/github/avasquez_dgarro_digital_design_lab_2025/ProyectoFinal/ram.sv Line: 1
Warning (10236): Verilog HDL Implicit Net warning at top.sv(134): created implicit net for "winner_vga" File: C:/Users/melis/Documents/github/avasquez_dgarro_digital_design_lab_2025/ProyectoFinal/top.sv Line: 134
Info (12127): Elaborating entity "top" for the top level hierarchy
Info (12128): Elaborating entity "arm" for hierarchy "arm:arm_inst" File: C:/Users/melis/Documents/github/avasquez_dgarro_digital_design_lab_2025/ProyectoFinal/top.sv Line: 52
Info (12128): Elaborating entity "controller" for hierarchy "arm:arm_inst|controller:c" File: C:/Users/melis/Documents/github/avasquez_dgarro_digital_design_lab_2025/ProyectoFinal/arm.sv Line: 23
Info (12128): Elaborating entity "decoder" for hierarchy "arm:arm_inst|controller:c|decoder:dec" File: C:/Users/melis/Documents/github/avasquez_dgarro_digital_design_lab_2025/ProyectoFinal/controller.sv Line: 17
Info (12128): Elaborating entity "condlogic" for hierarchy "arm:arm_inst|controller:c|condlogic:cl" File: C:/Users/melis/Documents/github/avasquez_dgarro_digital_design_lab_2025/ProyectoFinal/controller.sv Line: 21
Info (12128): Elaborating entity "flopenr" for hierarchy "arm:arm_inst|controller:c|condlogic:cl|flopenr:flagreg1" File: C:/Users/melis/Documents/github/avasquez_dgarro_digital_design_lab_2025/ProyectoFinal/condlogic.sv Line: 14
Info (12128): Elaborating entity "condcheck" for hierarchy "arm:arm_inst|controller:c|condlogic:cl|condcheck:cc" File: C:/Users/melis/Documents/github/avasquez_dgarro_digital_design_lab_2025/ProyectoFinal/condlogic.sv Line: 20
Info (12128): Elaborating entity "datapath" for hierarchy "arm:arm_inst|datapath:dp" File: C:/Users/melis/Documents/github/avasquez_dgarro_digital_design_lab_2025/ProyectoFinal/arm.sv Line: 29
Info (12128): Elaborating entity "mux2" for hierarchy "arm:arm_inst|datapath:dp|mux2:pcmux" File: C:/Users/melis/Documents/github/avasquez_dgarro_digital_design_lab_2025/ProyectoFinal/datapath.sv Line: 26
Info (12128): Elaborating entity "flopr" for hierarchy "arm:arm_inst|datapath:dp|flopr:pcreg" File: C:/Users/melis/Documents/github/avasquez_dgarro_digital_design_lab_2025/ProyectoFinal/datapath.sv Line: 27
Info (12128): Elaborating entity "adder" for hierarchy "arm:arm_inst|datapath:dp|adder:pcadd1" File: C:/Users/melis/Documents/github/avasquez_dgarro_digital_design_lab_2025/ProyectoFinal/datapath.sv Line: 28
Info (12128): Elaborating entity "mux2" for hierarchy "arm:arm_inst|datapath:dp|mux2:ra1mux" File: C:/Users/melis/Documents/github/avasquez_dgarro_digital_design_lab_2025/ProyectoFinal/datapath.sv Line: 32
Info (12128): Elaborating entity "regfile" for hierarchy "arm:arm_inst|datapath:dp|regfile:rf" File: C:/Users/melis/Documents/github/avasquez_dgarro_digital_design_lab_2025/ProyectoFinal/datapath.sv Line: 46
Info (12128): Elaborating entity "extend" for hierarchy "arm:arm_inst|datapath:dp|extend:ext" File: C:/Users/melis/Documents/github/avasquez_dgarro_digital_design_lab_2025/ProyectoFinal/datapath.sv Line: 49
Info (12128): Elaborating entity "alu" for hierarchy "arm:arm_inst|datapath:dp|alu:alu" File: C:/Users/melis/Documents/github/avasquez_dgarro_digital_design_lab_2025/ProyectoFinal/datapath.sv Line: 76
Info (12128): Elaborating entity "rom_i" for hierarchy "rom_i:imem" File: C:/Users/melis/Documents/github/avasquez_dgarro_digital_design_lab_2025/ProyectoFinal/top.sv Line: 58
Warning (10850): Verilog HDL warning at rom_i.sv(6): number of words (24) in memory file does not match the number of elements in the address range [0:63] File: C:/Users/melis/Documents/github/avasquez_dgarro_digital_design_lab_2025/ProyectoFinal/rom_i.sv Line: 6
Warning (10030): Net "mem.data_a" at rom_i.sv(5) has no driver or initial value, using a default initial value '0' File: C:/Users/melis/Documents/github/avasquez_dgarro_digital_design_lab_2025/ProyectoFinal/rom_i.sv Line: 5
Warning (10030): Net "mem.waddr_a" at rom_i.sv(5) has no driver or initial value, using a default initial value '0' File: C:/Users/melis/Documents/github/avasquez_dgarro_digital_design_lab_2025/ProyectoFinal/rom_i.sv Line: 5
Warning (10030): Net "mem.we_a" at rom_i.sv(5) has no driver or initial value, using a default initial value '0' File: C:/Users/melis/Documents/github/avasquez_dgarro_digital_design_lab_2025/ProyectoFinal/rom_i.sv Line: 5
Info (12128): Elaborating entity "ram" for hierarchy "ram:dmem" File: C:/Users/melis/Documents/github/avasquez_dgarro_digital_design_lab_2025/ProyectoFinal/top.sv Line: 78
Info (12128): Elaborating entity "pll" for hierarchy "pll:vgapll" File: C:/Users/melis/Documents/github/avasquez_dgarro_digital_design_lab_2025/ProyectoFinal/top.sv Line: 82
Info (12128): Elaborating entity "vgaController" for hierarchy "vgaController:vgaCont" File: C:/Users/melis/Documents/github/avasquez_dgarro_digital_design_lab_2025/ProyectoFinal/top.sv Line: 89
Warning (10230): Verilog HDL assignment warning at vgaController.sv(22): truncated value with size 32 to match size of target (10) File: C:/Users/melis/Documents/github/avasquez_dgarro_digital_design_lab_2025/ProyectoFinal/vgaController.sv Line: 22
Warning (10230): Verilog HDL assignment warning at vgaController.sv(24): truncated value with size 32 to match size of target (10) File: C:/Users/melis/Documents/github/avasquez_dgarro_digital_design_lab_2025/ProyectoFinal/vgaController.sv Line: 24
Info (12128): Elaborating entity "ps2" for hierarchy "ps2:kb_inst" File: C:/Users/melis/Documents/github/avasquez_dgarro_digital_design_lab_2025/ProyectoFinal/top.sv Line: 100
Info (12128): Elaborating entity "deb" for hierarchy "ps2:kb_inst|deb:deb0" File: C:/Users/melis/Documents/github/avasquez_dgarro_digital_design_lab_2025/ProyectoFinal/ps2.sv Line: 28
Info (12128): Elaborating entity "ram2vga_bridge" for hierarchy "ram2vga_bridge:u_bridge" File: C:/Users/melis/Documents/github/avasquez_dgarro_digital_design_lab_2025/ProyectoFinal/top.sv Line: 135
Info (12128): Elaborating entity "videoGen_pong" for hierarchy "videoGen_pong:u_video" File: C:/Users/melis/Documents/github/avasquez_dgarro_digital_design_lab_2025/ProyectoFinal/top.sv Line: 151
Warning (10230): Verilog HDL assignment warning at videoGen_pong.sv(53): truncated value with size 32 to match size of target (10) File: C:/Users/melis/Documents/github/avasquez_dgarro_digital_design_lab_2025/ProyectoFinal/videoGen_pong.sv Line: 53
Warning (12241): 2 hierarchies have connectivity warnings - see the Connectivity Checks report folder
Info (144001): Generated suppressed messages file C:/Users/melis/Documents/github/avasquez_dgarro_digital_design_lab_2025/ProyectoFinal/output_files/ProyectoFinal.map.smsg
Info: Quartus Prime Analysis & Elaboration was successful. 0 errors, 10 warnings
    Info: Peak virtual memory: 4779 megabytes
    Info: Processing ended: Thu Nov 27 15:11:39 2025
    Info: Elapsed time: 00:00:05
    Info: Total CPU time (on all processors): 00:00:12


+--------------------------------------------+
; Analysis & Elaboration Suppressed Messages ;
+--------------------------------------------+
The suppressed messages can be found in C:/Users/melis/Documents/github/avasquez_dgarro_digital_design_lab_2025/ProyectoFinal/output_files/ProyectoFinal.map.smsg.


