MIF/HEX Update report for ProyectoFinal
Fri Nov 28 23:50:00 2025
Quartus Prime Version 20.1.0 Build 711 06/05/2020 SJ Lite Edition


---------------------
; Table of Contents ;
---------------------
  1. Legal Notice
  2. MIF/HEX Update Summary
  3. MIF/HEX Update Processed Files
  4. MIF/HEX Update Messages



----------------
; Legal Notice ;
----------------
Copyright (C) 2020  Intel Corporation. All rights reserved.
Your use of Intel Corporation's design tools, logic functions 
and other software and tools, and any partner logic 
functions, and any output files from any of the foregoing 
(including device programming or simulation files), and any 
associated documentation or information are expressly subject 
to the terms and conditions of the Intel Program License 
Subscription Agreement, the Intel Quartus Prime License Agreement,
the Intel FPGA IP License Agreement, or other applicable license
agreement, including, without limitation, that your use is for
the sole purpose of programming logic devices manufactured by
Intel and sold by Intel or its authorized distributors.  Please
refer to the applicable agreement for further details, at
https://fpgasoftware.intel.com/eula.



+-----------------------------------------------------------+
; MIF/HEX Update Summary                                    ;
+-----------------------+-----------------------------------+
; MIF/HEX Update Status ; Failed - Fri Nov 28 23:50:00 2025 ;
; Revision Name         ; ProyectoFinal                     ;
; Top-level Entity Name ; top                               ;
; Family                ; Cyclone V                         ;
; Device                ; 5CSXFC6D6F31C6                    ;
+-----------------------+-----------------------------------+


+--------------------------------+
; MIF/HEX Update Processed Files ;
+--------------------------------+
; File Name                      ;
+--------------------------------+


+-------------------------+
; MIF/HEX Update Messages ;
+-------------------------+
Info: *******************************************************************
Info: Running Quartus Prime MIF/HEX Update
    Info: Version 20.1.0 Build 711 06/05/2020 SJ Lite Edition
    Info: Processing started: Fri Nov 28 23:49:58 2025
Info: Command: quartus_cdb ProyectoFinal -c ProyectoFinal --update_mif
Warning (18236): Number of processors has not been specified which may cause overloading on shared machines.  Set the global assignment NUM_PARALLEL_PROCESSORS in your QSF to an appropriate value for best performance.
Error (20015): Project contains unresolved partitions
    Error (20016): Unresolved partition "<Top partition>"
Error: Quartus Prime MIF/HEX Update was unsuccessful. 2 errors, 1 warning
    Error: Peak virtual memory: 4744 megabytes
    Error: Processing ended: Fri Nov 28 23:50:00 2025
    Error: Elapsed time: 00:00:02
    Error: Total CPU time (on all processors): 00:00:00


